// Jest Snapshot v1, https://goo.gl/fbAQLP

exports[`Shows should render shows component 1`] = `[Function]`;
